02:23:18:527 [  316] | INFO  | Initializing crosire's ReShade version '6.8.0.2155' (64-bit) loaded from 'S:\steamapps\common\PEAK\dxgi.dll' into 'S:\steamapps\common\PEAK\PEAK.exe' (0x3B5BD6F2) ...
02:23:18:543 [  316] | INFO  | Registering hooks for 'user32.dll' ...
02:23:18:543 [  316] | INFO  | > Libraries loaded.
02:23:18:546 [  316] | INFO  | > Found 21 match(es). Installing ...
02:23:18:555 [  316] | INFO  | Registering hooks for 'C:\windows\system32\dinput.dll' ...
02:23:18:557 [  316] | INFO  | > Delayed.
02:23:18:557 [  316] | INFO  | Registering hooks for 'C:\windows\system32\dinput8.dll' ...
02:23:18:557 [  316] | INFO  | > Delayed.
02:23:18:557 [  316] | INFO  | Registering hooks for 'C:\windows\system32\d2d1.dll' ...
02:23:18:558 [  316] | INFO  | > Delayed.
02:23:18:558 [  316] | INFO  | Registering hooks for 'C:\windows\system32\d3d9.dll' ...
02:23:18:558 [  316] | INFO  | > Delayed.
02:23:18:558 [  316] | INFO  | Registering hooks for 'C:\windows\system32\d3d10.dll' ...
02:23:18:559 [  316] | INFO  | > Delayed.
02:23:18:559 [  316] | INFO  | Registering hooks for 'C:\windows\system32\d3d10_1.dll' ...
02:23:18:559 [  316] | INFO  | > Delayed.
02:23:18:559 [  316] | INFO  | Registering hooks for 'C:\windows\system32\d3d11.dll' ...
02:23:18:559 [  316] | INFO  | > Libraries loaded.
02:23:18:559 [  316] | INFO  | > Found 3 match(es). Installing ...
02:23:18:567 [  316] | INFO  | Registering hooks for 'C:\windows\system32\d3d12.dll' ...
02:23:18:568 [  316] | INFO  | > Delayed.
02:23:18:568 [  316] | INFO  | Registering hooks for 'C:\windows\system32\dxgi.dll' ...
02:23:18:568 [  316] | INFO  | > Delayed until first call to an exported function.
02:23:18:568 [  316] | INFO  | Registering hooks for 'openvr_api.dll' ...
02:23:18:568 [  316] | INFO  | > Delayed.
02:23:18:568 [  316] | INFO  | Initialized.
02:23:20:845 [  316] | INFO  | Redirecting CreateDXGIFactory2(Flags = 0, riid = {1BC6EA02-EF36-464F-BF0C-21CA39E5168A}, ppFactory = 00006FFFFC7A4F98) ...
02:23:20:848 [  316] | INFO  | Installing export hooks for 'C:\windows\system32\dxgi.dll' ...
02:23:20:936 [  316] | INFO  | > Found 5 match(es). Installing ...
02:23:21:225 [  316] | INFO  | Installing delayed hooks for 'C:\windows\system32\d3d12.dll' (Just loaded via LoadLibrary('d3d12.dll')) ...
02:23:21:225 [  316] | INFO  | > Found 8 match(es). Installing ...
02:23:21:378 [  316] | INFO  | Redirecting D3D12CreateDevice(pAdapter = 0000000064729C20, MinimumFeatureLevel = c000, riid = {189819F1-1DB6-4B57-BE54-1821339B85F7}, ppDevice = 00000000000FEF58) ...
02:23:21:387 [  316] | INFO  | Searching for add-ons (*.addon, *.addon64) in 'S:\steamapps\common\PEAK' ...
02:23:27:305 [  316] | INFO  | Redirecting ID3D12Device::CreateCommandQueue(this = 0000000000300760, pDesc = 00000000000FEFA0, riid = {0EC870A6-5D7E-4C22-8CFC-5BAAE07616ED}, ppCommandQueue = 00006FFFFC7A4FF8) ...
02:23:27:308 [  316] | INFO  | > Dumping command queue description:
02:23:27:308 [  316] | INFO  |   +-----------------------------------------+-----------------------------------------+
02:23:27:308 [  316] | INFO  |   | Parameter                               | Value                                   |
02:23:27:308 [  316] | INFO  |   +-----------------------------------------+-----------------------------------------+
02:23:27:308 [  316] | INFO  |   | Type                                    | 0                                       |
02:23:27:308 [  316] | INFO  |   | Priority                                | 0                                       |
02:23:27:308 [  316] | INFO  |   | Flags                                   | 1                                       |
02:23:27:308 [  316] | INFO  |   | NodeMask                                | 0                                       |
02:23:27:308 [  316] | INFO  |   +-----------------------------------------+-----------------------------------------+
02:23:27:373 [  316] | INFO  | Redirecting ID3D12Device::CreateCommandQueue(this = 0000000000300760, pDesc = 00000000000FEFA0, riid = {0EC870A6-5D7E-4C22-8CFC-5BAAE07616ED}, ppCommandQueue = 00006FFFFC7A5000) ...
02:23:27:373 [  316] | INFO  | > Dumping command queue description:
02:23:27:373 [  316] | INFO  |   +-----------------------------------------+-----------------------------------------+
02:23:27:373 [  316] | INFO  |   | Parameter                               | Value                                   |
02:23:27:373 [  316] | INFO  |   +-----------------------------------------+-----------------------------------------+
02:23:27:373 [  316] | INFO  |   | Type                                    | 3                                       |
02:23:27:373 [  316] | INFO  |   | Priority                                | 0                                       |
02:23:27:373 [  316] | INFO  |   | Flags                                   | 1                                       |
02:23:27:373 [  316] | INFO  |   | NodeMask                                | 0                                       |
02:23:27:373 [  316] | INFO  |   +-----------------------------------------+-----------------------------------------+
02:23:27:393 [  316] | INFO  | Redirecting ID3D12Device::CreateCommandQueue(this = 0000000000300760, pDesc = 00000000000FEFA0, riid = {0EC870A6-5D7E-4C22-8CFC-5BAAE07616ED}, ppCommandQueue = 00006FFFFC7A4FB8) ...
02:23:27:393 [  316] | INFO  | > Dumping command queue description:
02:23:27:393 [  316] | INFO  |   +-----------------------------------------+-----------------------------------------+
02:23:27:393 [  316] | INFO  |   | Parameter                               | Value                                   |
02:23:27:393 [  316] | INFO  |   +-----------------------------------------+-----------------------------------------+
02:23:27:393 [  316] | INFO  |   | Type                                    | 2                                       |
02:23:27:393 [  316] | INFO  |   | Priority                                | 0                                       |
02:23:27:393 [  316] | INFO  |   | Flags                                   | 1                                       |
02:23:27:393 [  316] | INFO  |   | NodeMask                                | 0                                       |
02:23:27:393 [  316] | INFO  |   +-----------------------------------------+-----------------------------------------+
02:23:27:399 [  316] | INFO  | Redirecting ID3D12Device::CreateCommandQueue(this = 0000000000300760, pDesc = 00000000000FEFA0, riid = {0EC870A6-5D7E-4C22-8CFC-5BAAE07616ED}, ppCommandQueue = 00006FFFFC7A4FC0) ...
02:23:27:399 [  316] | INFO  | > Dumping command queue description:
02:23:27:399 [  316] | INFO  |   +-----------------------------------------+-----------------------------------------+
02:23:27:399 [  316] | INFO  |   | Parameter                               | Value                                   |
02:23:27:399 [  316] | INFO  |   +-----------------------------------------+-----------------------------------------+
02:23:27:399 [  316] | INFO  |   | Type                                    | 2                                       |
02:23:27:399 [  316] | INFO  |   | Priority                                | 0                                       |
02:23:27:399 [  316] | INFO  |   | Flags                                   | 1                                       |
02:23:27:399 [  316] | INFO  |   | NodeMask                                | 0                                       |
02:23:27:399 [  316] | INFO  |   +-----------------------------------------+-----------------------------------------+
02:23:27:418 [  316] | INFO  | Redirecting ID3D12Device::CreateCommandQueue(this = 0000000000300760, pDesc = 00000000000FEFA0, riid = {0EC870A6-5D7E-4C22-8CFC-5BAAE07616ED}, ppCommandQueue = 00006FFFFC7A4FC8) ...
02:23:27:419 [  316] | INFO  | > Dumping command queue description:
02:23:27:419 [  316] | INFO  |   +-----------------------------------------+-----------------------------------------+
02:23:27:419 [  316] | INFO  |   | Parameter                               | Value                                   |
02:23:27:419 [  316] | INFO  |   +-----------------------------------------+-----------------------------------------+
02:23:27:419 [  316] | INFO  |   | Type                                    | 2                                       |
02:23:27:419 [  316] | INFO  |   | Priority                                | 100                                     |
02:23:27:419 [  316] | INFO  |   | Flags                                   | 1                                       |
02:23:27:419 [  316] | INFO  |   | NodeMask                                | 0                                       |
02:23:27:419 [  316] | INFO  |   +-----------------------------------------+-----------------------------------------+
02:23:27:434 [  316] | INFO  | Redirecting D3D11On12CreateDevice(pDevice = 0000000000300760, Flags = 0, pFeatureLevels = 0000000000000000, FeatureLevels = 0, ppCommandQueues = 00000000000FF0C0, NumQueues = 1, NodeMask = 0, ppDevice = 00000000000FF0B0, ppImmediateContext = 0000000000000000, pChosenFeatureLevel = 0000000000000000) ...
02:23:27:945 [  316] | INFO  | Using feature level c100.
02:23:37:550 [  316] | INFO  | Redirecting CreateDXGIFactory2(Flags = 0, riid = {7B7166EC-21C7-44AE-B21A-C9AE321AE369}, ppFactory = 00006FFFFC724398) ...
02:23:37:561 [  316] | INFO  | Redirecting D3D11CreateDevice(pAdapter = 000000006F09C900, DriverType = 0, Software = 0000000000000000, Flags = 0x820, pFeatureLevels = 0000000000000000, FeatureLevels = 0, SDKVersion = 7, ppDevice = 00000000000FF3F8, pFeatureLevel = 0000000000000000, ppImmediateContext = 00000000000FF3F0) ...
02:23:37:561 [  316] | INFO  | > Passing on to D3D11CreateDeviceAndSwapChain:
02:23:37:561 [  316] | INFO  | Redirecting D3D11CreateDeviceAndSwapChain(pAdapter = 000000006F09C900, DriverType = 0, Software = 0000000000000000, Flags = 0x820, pFeatureLevels = 0000000000000000, FeatureLevels = 0, SDKVersion = 7, pSwapChainDesc = 0000000000000000, ppSwapChain = 0000000000000000, ppDevice = 00000000000FF3F8, pFeatureLevel = 0000000000000000, ppImmediateContext = 00000000000FF3F0) ...
02:23:39:694 [  316] | INFO  | Using feature level b000.
02:23:42:528 [  316] | INFO  | Installing delayed hooks for 'C:\windows\system32\dinput8.dll' (Just loaded via LoadLibrary('C:\windows\system32\windows.gaming.input.dll')) ...
02:23:42:529 [  316] | INFO  | > Found 1 match(es). Installing ...
02:23:43:252 [  716] | INFO  | Redirecting DirectInput8Create(hinst = 00006FFFF8710000, dwVersion = 800, riidltf = {BF798031-483A-4DA2-AA99-5D64ED369700}, ppvOut = 000000007185FB78, pUnkOuter = 0000000000000000) ...
02:23:43:273 [  716] | INFO  | Redirecting IDirectInput8W::CreateDevice(this = 0000000070B97FD8, rguid = {7185FD14-0000-0000-8D4A-23903FB6BDF8}, lplpDirectInputDevice = 000000007185FB70, pUnkOuter = 0000000000000000) ...
02:23:43:292 [  316] | INFO  | Redirecting CreateDXGIFactory1(riid = {7B7166EC-21C7-44AE-B21A-C9AE321AE369}, ppFactory = 00000000000FEEF0) ...
02:23:43:316 [  716] | WARN  | IDirectInput8W::CreateDevice failed with error code 0x80040154.
02:23:43:323 [  316] | WARN  | Reference count for IDXGIFactory0 object 0000000070DC7820 (00000000696CE6F0) is inconsistent (2).
02:23:43:528 [  316] | INFO  | Redirecting IDXGIFactory2::CreateSwapChainForHwnd(this = 0000000064729B60, pDevice = 0000000062F94720, hWnd = 0000000000020098, pDesc = 00000000000FEFF8, pFullscreenDesc = 0000000000000000, pRestrictToOutput = 0000000000000000, ppSwapChain = ) ...
02:23:43:538 [  316] | INFO  | > Dumping swap chain description:
02:23:43:539 [  316] | INFO  |   +-----------------------------------------+-----------------------------------------+
02:23:43:539 [  316] | INFO  |   | Parameter                               | Value                                   |
02:23:43:539 [  316] | INFO  |   +-----------------------------------------+-----------------------------------------+
02:23:43:539 [  316] | INFO  |   | Width                                   | 5120                                    |
02:23:43:539 [  316] | INFO  |   | Height                                  | 1440                                    |
02:23:43:539 [  316] | INFO  |   | RefreshRate                             | 0                   0                   |
02:23:43:539 [  316] | INFO  |   | Format                                  | DXGI_FORMAT_R8G8B8A8_UNORM              |
02:23:43:540 [  316] | INFO  |   | Stereo                                  | FALSE                                   |
02:23:43:540 [  316] | INFO  |   | ScanlineOrdering                        | 0                                       |
02:23:43:540 [  316] | INFO  |   | Scaling                                 | 0                                       |
02:23:43:540 [  316] | INFO  |   | SampleCount                             | 1                                       |
02:23:43:540 [  316] | INFO  |   | SampleQuality                           | 0                                       |
02:23:43:540 [  316] | INFO  |   | BufferUsage                             | 0x30                                    |
02:23:43:540 [  316] | INFO  |   | BufferCount                             | 3                                       |
02:23:43:540 [  316] | INFO  |   | Windowed                                | TRUE                                    |
02:23:43:540 [  316] | INFO  |   | SwapEffect                              | 3                                       |
02:23:43:540 [  316] | INFO  |   | AlphaMode                               | 0                                       |
02:23:43:540 [  316] | INFO  |   | Flags                                   | 0x842                                   |
02:23:43:540 [  316] | INFO  |   +-----------------------------------------+-----------------------------------------+
02:23:43:695 [  316] | INFO  | Redirecting CreateDXGIFactory2(Flags = 0, riid = {1BC6EA02-EF36-464F-BF0C-21CA39E5168A}, ppFactory = 00000000000FE8A0) ...
02:23:43:705 [  316] | INFO  | Redirecting CreateDXGIFactory2(Flags = 0, riid = {1BC6EA02-EF36-464F-BF0C-21CA39E5168A}, ppFactory = 00000000000FE8A0) ...
02:23:43:706 [  316] | INFO  | Redirecting CreateDXGIFactory2(Flags = 0, riid = {1BC6EA02-EF36-464F-BF0C-21CA39E5168A}, ppFactory = 00000000000FE8A0) ...
02:23:43:707 [  316] | INFO  | Redirecting CreateDXGIFactory2(Flags = 0, riid = {1BC6EA02-EF36-464F-BF0C-21CA39E5168A}, ppFactory = 00000000000FE8A0) ...
02:23:43:707 [  316] | INFO  | Running on NVIDIA GB10 Driver 999.99.
02:23:45:373 [  316] | INFO  | Recreated runtime environment on runtime 0000000070DD5790 ('S:\steamapps\common\PEAK\ReShade.ini').
02:24:18:523 [  668] | WARN  | Failed to resolve search path 'S:\steamapps\common\PEAK\reshade-shaders\Shaders' with error code 3.
02:25:20:807 [  316] | INFO  | Destroyed runtime environment on runtime 0000000070DD5790 ('S:\steamapps\common\PEAK\ReShade.ini').
02:25:21:159 [  316] | WARN  | Reference count for ID3D12CommandQueue0 object 0000000062F94720 (0000000000BCE370) is inconsistent (2).
02:25:21:227 [  316] | WARN  | Reference count for IDXGIFactory0 object 0000000064768040 (00000000007D5D00) is inconsistent (3).
02:25:21:227 [  316] | WARN  | Reference count for IDXGIAdapter0 object 0000000064768070 (0000000000BCD2E0) is inconsistent (3).
02:25:21:313 [  316] | WARN  | Reference count for ID3D12Device5 object 0000000000300760 (00000000663A0080) is inconsistent (33).
